topic: 07_try_to_remove_topic
status: deleted
timestamp: 2020-09-03T05:37:37Z
