topic: 08_try_to_remove_patch_remove
status: deleted
timestamp: 2020-09-03T05:37:37Z
